// Jest Snapshot v1, https://jestjs.io/docs/snapshot-testing

exports[`copy dictionary — snapshot of full dictionary matches the full copy dictionary snapshot 1`] = `
{
  "error": {
    "actionLabel": "Try again",
    "description": "An unexpected error occurred. We’ve been notified and are looking into it.",
    "previewLabel": "Error boundary",
    "title": "Something went wrong",
  },
  "footer": {
    "contact": "Contact Support",
    "contactUrl": "mailto:support@liquifact.com",
    "discord": "Discord Community",
    "discordUrl": "https://discord.gg/JrGPH4V3",
    "docs": "Documentation",
    "docsUrl": "https://docs.liquifact.com",
    "status": "System Status",
    "statusUrl": "https://status.liquifact.com",
  },
  "globalError": {
    "description": "A layout-level error occurred. Please reload the page or return home.",
    "heading": "Critical error",
    "homeLabel": "← Back to LiquiFact",
    "reloadLabel": "Reload page",
  },
  "home": {
    "apiStatus": "API status",
    "boxBusinessAriaLabel": "For Businesses – upload invoices and get instant stablecoin liquidity",
    "boxBusinessSub": "Upload invoices, get instant stablecoin liquidity.",
    "boxBusinessTitle": "For Businesses",
    "boxInvestAriaLabel": "For Investors – fund tokenized invoices and earn yield at maturity",
    "boxInvestSub": "Fund tokenized invoices and earn yield at maturity.",
    "boxInvestTitle": "For Investors",
    "checkApiHealth": "Check backend health",
    "checking": "Checking…",
    "healthStatus": {
      "connected": "Connected",
      "degraded": "Degraded",
      "rawResponse": "Raw response",
      "unreachable": "Unreachable",
    },
    "heroSub": "Unlock liquidity from unpaid invoices instantly. SMEs get working capital; investors earn yield. Tokenized invoices, escrow on Soroban.",
    "heroTitle": "Global Invoice Liquidity Network on Stellar",
  },
  "invest": {
    "announceFilteredCount": "{matched} of {total} invoices match",
    "announceInvoicesLoaded": "{count} investable invoices loaded",
    "announceNoInvoices": "No invoices available",
    "announceNoMatch": "No invoices match",
    "announceShowing": "Showing {shown} of {total} investable invoices",
    "emptyState": "No investable invoices. Connect wallet to see the marketplace.",
    "errorDescription": "Unable to load investable invoices right now.",
    "errorStatus": "Unable to load investable invoices.",
    "errorTitle": "Unable to load investable invoices",
    "exampleDisclaimer": "EXAMPLE ONLY. NOT A LIVE OFFERING.",
    "exampleHeading": "Example Marketplace Invoice",
    "filterLegend": "Marketplace Filters",
    "filterSoonLabel": "Soon: These filter controls are currently unavailable.",
    "labelMaturity": "Maturity ",
    "labelYield": "Est. yield ",
    "listAriaLabel": "Investable invoices",
    "loadMore": "Load more",
    "loadMoreAriaLabel": "Load more invoices",
    "noMatchFilter": "No invoices match your filters.",
    "retryAction": "Try again",
    "searchPlaceholder": "Search by issuer name",
    "subtext": "Browse tokenized invoices and fund them. Estimated yield is shown for educational purposes; actual payment is received at invoice maturity.",
    "title": "Invest",
    "yieldDisclaimer": "Note: Yield references are educational only and reflect on-chain basis-point assumptions. Invoice contracts settle at maturity.",
  },
  "invoices": {
    "backToHome": "← LiquiFact",
    "connectWallet": "Connect Wallet",
    "emptyState": "No invoices yet. Connect wallet and upload your first invoice.",
    "errorDescription": "There was a problem loading your invoices. Please try again later.",
    "errorTitle": "Unable to load invoices",
    "subtext": "Upload and tokenize invoices. List will be wired to the API and Stellar.",
    "title": "Invoices",
  },
  "layout": {
    "backToHome": "← LiquiFact",
    "connectWallet": "Connect Wallet",
  },
  "notFound": {
    "description": "The page you’re looking for doesn’t exist or has been moved.",
    "heading": "Page not found",
    "homeLabel": "← Back to LiquiFact",
    "statusLabel": "404",
  },
  "uploadZone": {
    "badgeMaxSize": "Max {maxSizeMb} MB",
    "badgeOneFile": "One file per invoice",
    "badgePdfOnly": "PDF only",
    "browsePrompt": "or click to browse",
    "changeFile": "Click to choose a different file",
    "dragDropPrompt": "Drag & drop your invoice PDF here",
    "dropZoneLabel": "Drop PDF invoice here or press Enter to browse files",
    "errorEmpty": "File is empty (0 bytes). Please select a valid PDF file.",
    "errorInvalidPdf": "The selected file does not appear to be a valid PDF.",
    "errorInvalidType": "Invalid file type "{type}". Only PDF files are accepted.",
    "errorNoFile": "No file selected.",
    "errorOversize": "File is {sizeMb} MB — exceeds the {maxSizeMb} MB limit.",
    "errorReadFailed": "Unable to read file. Please try again.",
    "errorUploadFailed": "Upload failed. Please try again.",
    "errorUploadStatus": "Upload failed ({status})",
    "fileInputLabel": "Select PDF invoice file",
    "requirementsBody": "Only PDF documents are accepted. Files larger than {maxSizeMb} MB will be rejected. Ensure your invoice is complete and legible before uploading.",
    "requirementsTitle": "Upload requirements",
    "spinnerLabel": "Loading",
    "statusSuccess": "Invoice queued for tokenization. Blockchain confirmation pending.",
    "statusTokenizing": "Invoice uploaded. Pending tokenization...",
    "statusUploading": "Uploading invoice...",
    "submitIdle": "Upload & Tokenize Invoice",
    "submitTokenizing": "Tokenizing invoice...",
    "submitUploading": "Uploading invoice...",
  },
  "wallet": {
    "announceConnected": "Wallet connected.",
    "announceDisconnected": "Wallet disconnected.",
    "announceError": "Wallet connection failed.",
    "announceNoWallet": "No wallet detected.",
    "announceWrongNetwork": "Wallet connected to wrong network.",
    "connectButton": "Connect Wallet",
    "connectingButton": "Connecting...",
    "disconnectButton": "Disconnect",
    "errorConnect": "Failed to connect to wallet. Please try again.",
    "errorWrongNetwork": "Wallet is connected to testnet. Please switch to public network.",
    "helperConnected": "Connected to Stellar {network}",
    "helperConnecting": "Please approve the connection in your wallet",
    "helperDisconnected": "Connect your Stellar wallet to access the platform",
    "helperError": "Connection failed. Please try again.",
    "helperNoWallet": "No Stellar wallet detected. Install one to continue",
    "helperWrongNetwork": "Please switch to the Stellar public network",
    "installWalletButton": "Install Wallet",
    "installWalletUrl": "https://www.stellar.org/wallets",
    "retryButton": "Retry Connection",
    "switchNetworkButton": "Switch Network",
    "toastConnectedMsg": "Wallet connected successfully.",
    "toastConnectedTitle": "Wallet connected",
    "toastErrorMsg": "Failed to connect to wallet. Please try again.",
    "toastErrorTitle": "Connection failed",
    "toastWrongNetworkMsg": "Wallet is connected to testnet. Please switch to public network.",
    "toastWrongNetworkTitle": "Wrong network",
  },
}
`;
